Flow report for ALU
Wed Sep 16 14:05:42 2020
Quartus II Version 9.1 Build 350 03/24/2010 Service Pack 2 SJ Web Edition


---------------------
; Table of Contents ;
---------------------
  1. Legal Notice
  2. Flow Summary
  3. Flow Settings
  4. Flow Non-Default Global Settings
  5. Flow Elapsed Time
  6. Flow OS Summary
  7. Flow Log



----------------
; Legal Notice ;
----------------
Copyright (C) 1991-2010 Altera Corporation
Your use of Altera Corporation's design tools, logic functions 
and other software and tools, and its AMPP partner logic 
functions, and any output files from any of the foregoing 
(including device programming or simulation files), and any 
associated documentation or information are expressly subject 
to the terms and conditions of the Altera Program License 
Subscription Agreement, Altera MegaCore Function License 
Agreement, or other applicable license agreement, including, 
without limitation, that your use is for the sole purpose of 
programming logic devices manufactured by Altera and sold by 
Altera or its authorized distributors.  Please refer to the 
applicable agreement for further details.



+-----------------------------------------------------------------------------------+
; Flow Summary                                                                      ;
+------------------------------------+----------------------------------------------+
; Flow Status                        ; Successful - Wed Sep 16 14:05:42 2020        ;
; Quartus II Version                 ; 9.1 Build 350 03/24/2010 SP 2 SJ Web Edition ;
; Revision Name                      ; ALU                                          ;
; Top-level Entity Name              ; ALU_Group_03                                 ;
; Family                             ; Cyclone II                                   ;
; Device                             ; EP2C20F484C7                                 ;
; Timing Models                      ; Final                                        ;
; Met timing requirements            ; Yes                                          ;
; Total logic elements               ; 156 / 18,752 ( < 1 % )                       ;
;     Total combinational functions  ; 156 / 18,752 ( < 1 % )                       ;
;     Dedicated logic registers      ; 0 / 18,752 ( 0 % )                           ;
; Total registers                    ; 0                                            ;
; Total pins                         ; 62 / 315 ( 20 % )                            ;
; Total virtual pins                 ; 0                                            ;
; Total memory bits                  ; 0 / 239,616 ( 0 % )                          ;
; Embedded Multiplier 9-bit elements ; 0 / 52 ( 0 % )                               ;
; Total PLLs                         ; 0 / 4 ( 0 % )                                ;
+------------------------------------+----------------------------------------------+


+-----------------------------------------+
; Flow Settings                           ;
+-------------------+---------------------+
; Option            ; Setting             ;
+-------------------+---------------------+
; Start date & time ; 09/16/2020 14:05:29 ;
; Main task         ; Compilation         ;
; Revision Name     ; ALU                 ;
+-------------------+---------------------+


+-------------------------------------------------------------------------------------------------------------------------------------+
; Flow Non-Default Global Settings                                                                                                    ;
+--------------------------------------+-------------------------------+---------------+--------------+-------------------------------+
; Assignment Name                      ; Value                         ; Default Value ; Entity Name  ; Section Id                    ;
+--------------------------------------+-------------------------------+---------------+--------------+-------------------------------+
; COMPILER_SIGNATURE_ID                ; 1099033884735.160025432901624 ; --            ; --           ; --                            ;
; EDA_DESIGN_INSTANCE_NAME             ; IncrementTB                   ; --            ; --           ; Increment Test Bench          ;
; EDA_DESIGN_INSTANCE_NAME             ; EqualityTB                    ; --            ; --           ; Equality Test Bench           ;
; EDA_DESIGN_INSTANCE_NAME             ; EightBitAdditionTB            ; --            ; --           ; EightBitAddition Test Bench   ;
; EDA_DESIGN_INSTANCE_NAME             ; MSBLSBTB                      ; --            ; --           ; MSBLSB Test Bench             ;
; EDA_DESIGN_INSTANCE_NAME             ; TwosComplementTB              ; --            ; --           ; TwosComplement Test Bench     ;
; EDA_DESIGN_INSTANCE_NAME             ; SubtractionTB                 ; --            ; --           ; Subtraction Test Bench        ;
; EDA_DESIGN_INSTANCE_NAME             ; CircularRightShiftTB          ; --            ; --           ; CircularRightShift Test Bench ;
; EDA_DESIGN_INSTANCE_NAME             ; CircularLeftShiftTB           ; --            ; --           ; CircularLeftShift Test Bench  ;
; EDA_DESIGN_INSTANCE_NAME             ; DecrementTB                   ; --            ; --           ; Decrement Test Bench          ;
; EDA_DESIGN_INSTANCE_NAME             ; MaximumTB                     ; --            ; --           ; Maximum Test Bench            ;
; EDA_DESIGN_INSTANCE_NAME             ; MinimumTB                     ; --            ; --           ; Minimum Test Bench            ;
; EDA_DESIGN_INSTANCE_NAME             ; ALU_tb                        ; --            ; --           ; ALU Test Bench                ;
; EDA_NATIVELINK_SIMULATION_TEST_BENCH ; ALU Test Bench                ; --            ; --           ; eda_simulation                ;
; EDA_NETLIST_WRITER_OUTPUT_DIR        ; simulation/modelsim           ; --            ; --           ; eda_simulation                ;
; EDA_OUTPUT_DATA_FORMAT               ; Vhdl                          ; --            ; --           ; eda_simulation                ;
; EDA_SIMULATION_TOOL                  ; ModelSim-Altera (VHDL)        ; <None>        ; --           ; --                            ;
; EDA_TEST_BENCH_ENABLE_STATUS         ; TEST_BENCH_MODE               ; --            ; --           ; eda_simulation                ;
; EDA_TEST_BENCH_FILE                  ; Increment_tb.vhd              ; --            ; --           ; Increment Test Bench          ;
; EDA_TEST_BENCH_FILE                  ; Equality_tb.vhd               ; --            ; --           ; Equality Test Bench           ;
; EDA_TEST_BENCH_FILE                  ; EightBitAddition_tb.vhd       ; --            ; --           ; EightBitAddition Test Bench   ;
; EDA_TEST_BENCH_FILE                  ; MSBLSB_tb.vhd                 ; --            ; --           ; MSBLSB Test Bench             ;
; EDA_TEST_BENCH_FILE                  ; TwosComplement_tb.vhd         ; --            ; --           ; TwosComplement Test Bench     ;
; EDA_TEST_BENCH_FILE                  ; Subtraction_tb.vhd            ; --            ; --           ; Subtraction Test Bench        ;
; EDA_TEST_BENCH_FILE                  ; CircularRightShift_tb.vhd     ; --            ; --           ; CircularRightShift Test Bench ;
; EDA_TEST_BENCH_FILE                  ; CircularLeftShift_tb.vhd      ; --            ; --           ; CircularLeftShift Test Bench  ;
; EDA_TEST_BENCH_FILE                  ; Decrement_tb.vhd              ; --            ; --           ; Decrement Test Bench          ;
; EDA_TEST_BENCH_FILE                  ; Maximum_tb.vhd                ; --            ; --           ; Maximum Test Bench            ;
; EDA_TEST_BENCH_FILE                  ; Minimum_tb.vhd                ; --            ; --           ; Minimum Test Bench            ;
; EDA_TEST_BENCH_FILE                  ; ALU_tb_Group_03.vhd           ; --            ; --           ; ALU Test Bench                ;
; EDA_TEST_BENCH_MODULE_NAME           ; IncrementTB                   ; --            ; --           ; Increment Test Bench          ;
; EDA_TEST_BENCH_MODULE_NAME           ; EqualityTB                    ; --            ; --           ; Equality Test Bench           ;
; EDA_TEST_BENCH_MODULE_NAME           ; EightBitAdditionTB            ; --            ; --           ; EightBitAddition Test Bench   ;
; EDA_TEST_BENCH_MODULE_NAME           ; MSBLSBTB                      ; --            ; --           ; MSBLSB Test Bench             ;
; EDA_TEST_BENCH_MODULE_NAME           ; TwosComplementTB              ; --            ; --           ; TwosComplement Test Bench     ;
; EDA_TEST_BENCH_MODULE_NAME           ; SubtractionTB                 ; --            ; --           ; Subtraction Test Bench        ;
; EDA_TEST_BENCH_MODULE_NAME           ; CircularRightShiftTB          ; --            ; --           ; CircularRightShift Test Bench ;
; EDA_TEST_BENCH_MODULE_NAME           ; CircularLeftShiftTB           ; --            ; --           ; CircularLeftShift Test Bench  ;
; EDA_TEST_BENCH_MODULE_NAME           ; DecrementTB                   ; --            ; --           ; Decrement Test Bench          ;
; EDA_TEST_BENCH_MODULE_NAME           ; MaximumTB                     ; --            ; --           ; Maximum Test Bench            ;
; EDA_TEST_BENCH_MODULE_NAME           ; MinimumTB                     ; --            ; --           ; Minimum Test Bench            ;
; EDA_TEST_BENCH_MODULE_NAME           ; ALU_tb                        ; --            ; --           ; ALU Test Bench                ;
; EDA_TEST_BENCH_NAME                  ; Increment Test Bench          ; --            ; --           ; eda_simulation                ;
; EDA_TEST_BENCH_NAME                  ; Equality Test Bench           ; --            ; --           ; eda_simulation                ;
; EDA_TEST_BENCH_NAME                  ; EightBitAddition Test Bench   ; --            ; --           ; eda_simulation                ;
; EDA_TEST_BENCH_NAME                  ; MSBLSB Test Bench             ; --            ; --           ; eda_simulation                ;
; EDA_TEST_BENCH_NAME                  ; TwosComplement Test Bench     ; --            ; --           ; eda_simulation                ;
; EDA_TEST_BENCH_NAME                  ; Subtraction Test Bench        ; --            ; --           ; eda_simulation                ;
; EDA_TEST_BENCH_NAME                  ; CircularRightShift Test Bench ; --            ; --           ; eda_simulation                ;
; EDA_TEST_BENCH_NAME                  ; CircularLeftShift Test Bench  ; --            ; --           ; eda_simulation                ;
; EDA_TEST_BENCH_NAME                  ; Decrement Test Bench          ; --            ; --           ; eda_simulation                ;
; EDA_TEST_BENCH_NAME                  ; Maximum Test Bench            ; --            ; --           ; eda_simulation                ;
; EDA_TEST_BENCH_NAME                  ; Minimum Test Bench            ; --            ; --           ; eda_simulation                ;
; EDA_TEST_BENCH_NAME                  ; ALU Test Bench                ; --            ; --           ; eda_simulation                ;
; MAX_CORE_JUNCTION_TEMP               ; 85                            ; --            ; --           ; --                            ;
; MIN_CORE_JUNCTION_TEMP               ; 0                             ; --            ; --           ; --                            ;
; PARTITION_COLOR                      ; 16764057                      ; --            ; ALU_Group_03 ; Top                           ;
; PARTITION_NETLIST_TYPE               ; SOURCE                        ; --            ; ALU_Group_03 ; Top                           ;
; TOP_LEVEL_ENTITY                     ; ALU_Group_03                  ; ALU           ; --           ; --                            ;
; USE_GENERATED_PHYSICAL_CONSTRAINTS   ; Off                           ; --            ; --           ; eda_blast_fpga                ;
+--------------------------------------+-------------------------------+---------------+--------------+-------------------------------+


+-----------------------------------------------------------------------------------------------------------------------------+
; Flow Elapsed Time                                                                                                           ;
+-------------------------+--------------+-------------------------+---------------------+------------------------------------+
; Module Name             ; Elapsed Time ; Average Processors Used ; Peak Virtual Memory ; Total CPU Time (on all processors) ;
+-------------------------+--------------+-------------------------+---------------------+------------------------------------+
; Analysis & Synthesis    ; 00:00:04     ; 1.0                     ; 250 MB              ; 00:00:03                           ;
; Fitter                  ; 00:00:04     ; 1.0                     ; 282 MB              ; 00:00:04                           ;
; Assembler               ; 00:00:01     ; 1.0                     ; 247 MB              ; 00:00:01                           ;
; Classic Timing Analyzer ; 00:00:01     ; 1.0                     ; 181 MB              ; 00:00:00                           ;
; EDA Netlist Writer      ; 00:00:00     ; 1.0                     ; 194 MB              ; 00:00:00                           ;
; Total                   ; 00:00:10     ; --                      ; --                  ; 00:00:08                           ;
+-------------------------+--------------+-------------------------+---------------------+------------------------------------+


+------------------------------------------------------------------------------------------+
; Flow OS Summary                                                                          ;
+-------------------------+------------------+---------------+------------+----------------+
; Module Name             ; Machine Hostname ; OS Name       ; OS Version ; Processor type ;
+-------------------------+------------------+---------------+------------+----------------+
; Analysis & Synthesis    ; Ali-Saad         ; Windows Vista ; 6.2        ; x86_64         ;
; Fitter                  ; Ali-Saad         ; Windows Vista ; 6.2        ; x86_64         ;
; Assembler               ; Ali-Saad         ; Windows Vista ; 6.2        ; x86_64         ;
; Classic Timing Analyzer ; Ali-Saad         ; Windows Vista ; 6.2        ; x86_64         ;
; EDA Netlist Writer      ; Ali-Saad         ; Windows Vista ; 6.2        ; x86_64         ;
+-------------------------+------------------+---------------+------------+----------------+


------------
; Flow Log ;
------------
quartus_map --read_settings_files=on --write_settings_files=off ALU -c ALU
quartus_fit --read_settings_files=off --write_settings_files=off ALU -c ALU
quartus_asm --read_settings_files=off --write_settings_files=off ALU -c ALU
quartus_tan --read_settings_files=off --write_settings_files=off ALU -c ALU --timing_analysis_only
quartus_eda --read_settings_files=off --write_settings_files=off ALU -c ALU



